== base rural ==
  rural  S: buses=10 cost=$1351.0
  rural  C: buses=7 cost=$1010.0
== base urban ==
  urban  S: buses=13 cost=$1673.0
  urban  C: buses=9 cost=$1201.0
== sweep: stagger (min) ==
  stagger=15: S=10b/$1351.0  C=10b/$1351.0
  stagger=20: S=10b/$1351.0  C=10b/$1351.0
  stagger=25: S=10b/$1351.0  C=10b/$1351.0
  stagger=30: S=10b/$1351.0  C=9b/$1248.0
  stagger=35: S=10b/$1351.0  C=8b/$1129.0
  stagger=40: S=10b/$1351.0  C=7b/$1010.0
  stagger=50: S=10b/$1351.0  C=6b/$872.0
  stagger=60: S=10b/$1351.0  C=6b/$866.0
  stagger=70: S=10b/$1351.0  C=6b/$866.0
== sweep: max ride (min) ==
  max_ride=45: S=17b/$2274.0  C=9b/$1311.0
  max_ride=50: S=13b/$1750.0  C=8b/$1161.0
  max_ride=55: S=11b/$1476.0  C=8b/$1131.0
  max_ride=60: S=10b/$1351.0  C=7b/$1010.0
  max_ride=70: S=10b/$1349.0  C=7b/$1014.0
  max_ride=80: S=9b/$1233.0  C=7b/$1001.0
== sweep: capacity (seats) ==
  cap=36: S=17b/$2284.0  C=10b/$1461.0
  cap=48: S=14b/$1877.0  C=9b/$1288.0
  cap=60: S=12b/$1607.0  C=8b/$1140.0
  cap=72: S=10b/$1351.0  C=7b/$1010.0
  cap=84: S=10b/$1349.0  C=7b/$1009.0
== sweep: fixed cost per bus-day ($) ==
  fixed_cost=60: S=10b/$751.0  C=7b/$590.0
  fixed_cost=90: S=10b/$1051.0  C=7b/$800.0
  fixed_cost=120: S=10b/$1351.0  C=7b/$1010.0
  fixed_cost=180: S=10b/$1951.0  C=7b/$1430.0
  fixed_cost=240: S=10b/$2551.0  C=7b/$1850.0
  fixed_cost=300: S=10b/$3151.0  C=7b/$2270.0
== sweep: shared-stop fraction ==
  shared_prob=0.2: S=10b/$1353.0  C=7b/$1011.0
  shared_prob=0.35: S=10b/$1352.0  C=7b/$1012.0
  shared_prob=0.5: S=10b/$1357.0  C=7b/$1013.0
  shared_prob=0.65: S=10b/$1351.0  C=7b/$1010.0
  shared_prob=0.8: S=11b/$1478.0  C=7b/$1010.0
  shared_prob=0.95: S=11b/$1496.0  C=8b/$1148.0
== sweep: effective speed (km/h) ==
  speed_kmh=30: S=16b/$2133.0  C=13b/$1793.0
  speed_kmh=35: S=13b/$1753.0  C=10b/$1413.0
  speed_kmh=40: S=11b/$1476.0  C=8b/$1135.0
  speed_kmh=45: S=10b/$1351.0  C=7b/$1010.0
  speed_kmh=50: S=10b/$1349.0  C=7b/$998.0
  speed_kmh=55: S=10b/$1349.0  C=6b/$888.0
== validation ==
{
  "single_school": {
    "n_stops": 7,
    "cap": 30,
    "max_ride": 55.0,
    "exact_routes": 3,
    "exact_cost": 392.55,
    "exact_dist": 54.2,
    "heur_routes": 3,
    "heur_cost": 394.92,
    "heur_dist": 58.2,
    "gap_pct": 0.61
  },
  "two_school": {
    "n_e_stops": 6,
    "n_h_stops": 6,
    "cap": 30,
    "full_pool_obj": 421.2,
    "full_buses": 3,
    "heur_pool_obj": 421.2,
    "heur_buses": 3,
    "gap_pct": 0.0,
    "pool_sizes_full": {
      "pool_E": 26,
      "pool_Hs": 15,
      "pool_Hl": 18
    }
  }
}